// Jest Snapshot v1, https://goo.gl/fbAQLP

exports[`ForecastSummaries renders correctly 1`] = `
<DocumentFragment>
  <div
    class="forecast-summaries"
  >
    <div
      data-testid="forecast-summary"
    >
      <div
        class="forecast-summary__date"
      >
        1111111
      </div>
      <div
        class="forecast-summary__description"
      >
        Stub description 1
      </div>
      <div
        class="forecast-summary__icon"
      >
        stubIcon1
      </div>
      <div
        class="forecast-summary__temperature"
      >
        22°C
      </div>
      <div
        class="forecast-summary__description"
      >
        Stub description 1
      </div>
    </div>
    <div
      data-testid="forecast-summary"
    >
      <div
        class="forecast-summary__date"
      >
        2222222
      </div>
      <div
        class="forecast-summary__description"
      >
        Stub description 2
      </div>
      <div
        class="forecast-summary__icon"
      >
        stubIcon2
      </div>
      <div
        class="forecast-summary__temperature"
      >
        24°C
      </div>
      <div
        class="forecast-summary__description"
      >
        Stub description 2
      </div>
    </div>
  </div>
</DocumentFragment>
`;
